// Jest Snapshot v1, https://goo.gl/fbAQLP

exports[`<Map /> should render 1`] = `
<Styled(div)>
  <GoogleMap
    bootstrapURLKeys={
      Object {
        "key": "Test Key",
      }
    }
    center={
      Object {
        "lat": 123,
        "lng": 456,
      }
    }
    debounced={true}
    distanceToMouse={[Function]}
    googleMapLoader={[Function]}
    heatmap={Object {}}
    heatmapLibrary={false}
    hoverDistance={30}
    layerTypes={Array []}
    options={[Function]}
    style={
      Object {
        "height": "100%",
        "margin": 0,
        "padding": 0,
        "position": "relative",
        "width": "100%",
      }
    }
    yesIWantToUseGoogleMapApiInternals={false}
    zoom={14}
  />
</Styled(div)>
`;
