// Jest Snapshot v1, https://goo.gl/fbAQLP

exports[`<Ripple /> should render 1`] = `
.emotion-0 {
  display: inline-block;
  position: relative;
  width: 64px;
  height: 64px;
}

.emotion-0 div {
  position: absolute;
  border: 4px solid black;
  opacity: 1;
  border-radius: 50%;
  -webkit-animation: lds-ripple 1s cubic-bezier(0,0.2,0.8,1) infinite;
  animation: lds-ripple 1s cubic-bezier(0,0.2,0.8,1) infinite;
}

.emotion-0 div:nth-child(2) {
  -webkit-animation-delay: -0.5s;
  animation-delay: -0.5s;
}

<Ripple
  color="black"
>
  <Styled(div)
    color="black"
  >
    <div
      className="emotion-0"
      color="black"
    >
      <div />
      <div />
    </div>
  </Styled(div)>
</Ripple>
`;
