// Jest Snapshot v1, https://goo.gl/fbAQLP

exports[`<Overlay /> should render 1`] = `
.emotion-0 {
  background-color: #eee;
  opacity: 0.8;
  position: absolute;
  height: 100vh;
  width: 100%;
  top: 0;
  right: 0;
  z-index: 20;
}

<Styled(div)>
  <div
    className="emotion-0"
  />
</Styled(div)>
`;
