// Jest Snapshot v1, https://goo.gl/fbAQLP

exports[`<Marker /> should render 1`] = `
.emotion-2 {
  position: relative;
  cursor: pointer;
}

.emotion-0 {
  position: absolute;
  left: -20px;
  bottom: 0px;
  border-radius: 50% 50% 50% 0;
  border: 4px solid #3f51b5;
  width: 20px;
  height: 20px;
  -webkit-transform: rotate(-45deg);
  -ms-transform: rotate(-45deg);
  transform: rotate(-45deg);
}

.emotion-0:after {
  position: absolute;
  content: '';
  width: 10px;
  height: 10px;
  border-radius: 50%;
  top: 50%;
  left: 50%;
  margin-left: -5px;
  margin-top: -5px;
  background-color: #3f51b5;
}

.emotion-1 {
  background: white;
  box-shadow: 0 1px 6px 0 rgba(32,33,36,0.28);
  box-sizing: border-box;
  border-radius: 5px;
  position: absolute;
  bottom: 35px;
  width: 200px;
  left: -100px;
  right: 0;
  padding: 10px 20px;
  font-size: 15px;
  z-index: 10;
  opacity: 0;
}

<Marker
  film={
    Object {
      "actor1": "Siddarth",
      "actor2": "Nithya Menon",
      "actor3": "Priya Anand",
      "address": "Epic Roasthouse (399 Embarcadero)",
      "coordinates": Object {
        "lat": 123,
        "lng": 456,
      },
      "director": "Jayendra",
      "productionCompany": "SPI Cinemas",
      "releaseYear": "2011",
      "title": "180",
      "writer": "Umarji Anuradha, Jayendra, Aarthi Sriram, & Suba ",
    }
  }
  lat={123}
  lng={456}
  onClick={[Function]}
>
  <Styled(div)
    onClick={[Function]}
  >
    <div
      className="emotion-2"
      onClick={[Function]}
    >
      <Styled(div)
        onMouseEnter={[Function]}
        onMouseLeave={[Function]}
      >
        <div
          className="emotion-0"
          onMouseEnter={[Function]}
          onMouseLeave={[Function]}
        />
      </Styled(div)>
      <MarkerContent
        address="Epic Roasthouse (399 Embarcadero)"
        hidden={true}
        title="180"
      >
        <Styled(div)
          hidden={true}
        >
          <div
            className="emotion-1"
            hidden={true}
          >
            180
             
            <br />
             
            Epic Roasthouse (399 Embarcadero)
          </div>
        </Styled(div)>
      </MarkerContent>
    </div>
  </Styled(div)>
</Marker>
`;
